
> garageboost@0.1.0 build
> next build

Γû▓ Next.js 16.1.6 (Turbopack)
- Environments: .env.local, .env

node.exe : ΓÜá The "middleware" file convention is deprecated. Please use 
"proxy" instead. Learn more: 
https://nextjs.org/docs/messages/middleware-to-proxy
At line:1 char:1
+ & "C:\Program Files\nodejs/node.exe" "C:\Program Files\nodejs/node_mo ...
+ ~~~~~~~~~~~~~~~~~~~~~~~~~~~~~~~~~~~~~~~~~~~~~~~~~~~~~~~~~~~~~~~~~~~~~
    + CategoryInfo          : NotSpecified: (ΓÜá The "middle...leware-to-proxy 
   :String) [], RemoteException
    + FullyQualifiedErrorId : NativeCommandError
 
  Creating an optimized production build ...
Γ£ô Compiled successfully in 19.5s
  Running TypeScript ...
  Collecting page data using 3 workers ...
  Generating static pages using 3 workers (0/103) ...
ΓÜá Unsupported metadata viewport is configured in metadata export in 
/garage/jobs/new. Please move it to viewport export instead.
Read more: 
https://nextjs.org/docs/app/api-reference/functions/generate-viewport
ΓÜá Unsupported metadata viewport is configured in metadata export in 
/admin/analytics. Please move it to viewport export instead.
Read more: 
https://nextjs.org/docs/app/api-reference/functions/generate-viewport
ΓÜá Unsupported metadata viewport is configured in metadata export in 
/blog/[slug]. Please move it to viewport export instead.
Read more: 
https://nextjs.org/docs/app/api-reference/functions/generate-viewport
ΓÜá Unsupported metadata viewport is configured in metadata export in 
/admin/customers. Please move it to viewport export instead.
Read more: 
https://nextjs.org/docs/app/api-reference/functions/generate-viewport
ΓÜá Unsupported metadata viewport is configured in metadata export in 
/admin/garages. Please move it to viewport export instead.
Read more: 
https://nextjs.org/docs/app/api-reference/functions/generate-viewport
ΓÜá Unsupported metadata viewport is configured in metadata export in 
/blog/[slug]. Please move it to viewport export instead.
Read more: 
https://nextjs.org/docs/app/api-reference/functions/generate-viewport
ΓÜá Unsupported metadata viewport is configured in metadata export in 
/garage/jobs. Please move it to viewport export instead.
Read more: 
https://nextjs.org/docs/app/api-reference/functions/generate-viewport
ΓÜá Unsupported metadata viewport is configured in metadata export in 
/admin/messages. Please move it to viewport export instead.
Read more: 
https://nextjs.org/docs/app/api-reference/functions/generate-viewport
ΓÜá Unsupported metadata viewport is configured in metadata export in 
/garage/lookup. Please move it to viewport export instead.
Read more: 
https://nextjs.org/docs/app/api-reference/functions/generate-viewport
ΓÜá Unsupported metadata viewport is configured in metadata export in 
/_not-found. Please move it to viewport export instead.
Read more: 
https://nextjs.org/docs/app/api-reference/functions/generate-viewport
ΓÜá Unsupported metadata viewport is configured in metadata export in 
/garage/messages. Please move it to viewport export instead.
Read more: 
https://nextjs.org/docs/app/api-reference/functions/generate-viewport
ΓÜá Unsupported metadata viewport is configured in metadata export in /about. 
Please move it to viewport export instead.
Read more: 
https://nextjs.org/docs/app/api-reference/functions/generate-viewport
ΓÜá Unsupported metadata viewport is configured in metadata export in /garage. 
Please move it to viewport export instead.
Read more: 
https://nextjs.org/docs/app/api-reference/functions/generate-viewport
ΓÜá Unsupported metadata viewport is configured in metadata export in 
/garage/reminders. Please move it to viewport export instead.
Read more: 
https://nextjs.org/docs/app/api-reference/functions/generate-viewport
ΓÜá Unsupported metadata viewport is configured in metadata export in /admin. 
Please move it to viewport export instead.
Read more: 
https://nextjs.org/docs/app/api-reference/functions/generate-viewport
ΓÜá Unsupported metadata viewport is configured in metadata export in 
/blog/[slug]. Please move it to viewport export instead.
Read more: 
https://nextjs.org/docs/app/api-reference/functions/generate-viewport
ΓÜá Unsupported metadata viewport is configured in metadata export in 
/blog/[slug]. Please move it to viewport export instead.
Read more: 
https://nextjs.org/docs/app/api-reference/functions/generate-viewport
ΓÜá Unsupported metadata viewport is configured in metadata export in 
/blog/[slug]. Please move it to viewport export instead.
Read more: 
https://nextjs.org/docs/app/api-reference/functions/generate-viewport
ΓÜá Unsupported metadata viewport is configured in metadata export in 
/garage/reviews. Please move it to viewport export instead.
Read more: 
https://nextjs.org/docs/app/api-reference/functions/generate-viewport
ΓÜá Unsupported metadata viewport is configured in metadata export in 
/garage/services. Please move it to viewport export instead.
Read more: 
https://nextjs.org/docs/app/api-reference/functions/generate-viewport
ΓÜá Unsupported metadata viewport is configured in metadata export in 
/blog/[slug]. Please move it to viewport export instead.
Read more: 
https://nextjs.org/docs/app/api-reference/functions/generate-viewport
ΓÜá Unsupported metadata viewport is configured in metadata export in 
/blog/[slug]. Please move it to viewport export instead.
Read more: 
https://nextjs.org/docs/app/api-reference/functions/generate-viewport
ΓÜá Unsupported metadata viewport is configured in metadata export in 
/blog/[slug]. Please move it to viewport export instead.
Read more: 
https://nextjs.org/docs/app/api-reference/functions/generate-viewport
ΓÜá Unsupported metadata viewport is configured in metadata export in 
/blog/[slug]. Please move it to viewport export instead.
Read more: 
https://nextjs.org/docs/app/api-reference/functions/generate-viewport
ΓÜá Unsupported metadata viewport is configured in metadata export in 
/blog/[slug]. Please move it to viewport export instead.
Read more: 
https://nextjs.org/docs/app/api-reference/functions/generate-viewport
ΓÜá Unsupported metadata viewport is configured in metadata export in 
/blog/[slug]. Please move it to viewport export instead.
Read more: 
https://nextjs.org/docs/app/api-reference/functions/generate-viewport
ΓÜá Unsupported metadata viewport is configured in metadata export in 
/blog/[slug]. Please move it to viewport export instead.
Read more: 
https://nextjs.org/docs/app/api-reference/functions/generate-viewport
ΓÜá Unsupported metadata viewport is configured in metadata export in /blog. 
Please move it to viewport export instead.
Read more: 
https://nextjs.org/docs/app/api-reference/functions/generate-viewport
ΓÜá Unsupported metadata viewport is configured in metadata export in 
/contact. Please move it to viewport export instead.
Read more: 
https://nextjs.org/docs/app/api-reference/functions/generate-viewport
ΓÜá Unsupported metadata viewport is configured in metadata export in /faq. 
Please move it to viewport export instead.
Read more: 
https://nextjs.org/docs/app/api-reference/functions/generate-viewport
  Generating static pages using 3 workers (25/103) 
ΓÜá Unsupported metadata viewport is configured in metadata export in 
/admin/payments. Please move it to viewport export instead.
Read more: 
https://nextjs.org/docs/app/api-reference/functions/generate-viewport
ΓÜá Unsupported metadata viewport is configured in metadata export in 
/garage/settings/advanced. Please move it to viewport export instead.
Read more: 
https://nextjs.org/docs/app/api-reference/functions/generate-viewport
ΓÜá Unsupported metadata viewport is configured in metadata export in 
/garage/settings/billing. Please move it to viewport export instead.
Read more: 
https://nextjs.org/docs/app/api-reference/functions/generate-viewport
ΓÜá Unsupported metadata viewport is configured in metadata export in 
/garage/settings/expenses. Please move it to viewport export instead.
Read more: 
https://nextjs.org/docs/app/api-reference/functions/generate-viewport
ΓÜá Unsupported metadata viewport is configured in metadata export in 
/admin/settings. Please move it to viewport export instead.
Read more: 
https://nextjs.org/docs/app/api-reference/functions/generate-viewport
ΓÜá Unsupported metadata viewport is configured in metadata export in 
/garage/settings/gallery. Please move it to viewport export instead.
Read more: 
https://nextjs.org/docs/app/api-reference/functions/generate-viewport
ΓÜá Unsupported metadata viewport is configured in metadata export in 
/garage/settings/general. Please move it to viewport export instead.
Read more: 
https://nextjs.org/docs/app/api-reference/functions/generate-viewport
ΓÜá Unsupported metadata viewport is configured in metadata export in 
/garage-software/london. Please move it to viewport export instead.
Read more: 
https://nextjs.org/docs/app/api-reference/functions/generate-viewport
ΓÜá Unsupported metadata viewport is configured in metadata export in 
/garage/settings/hours. Please move it to viewport export instead.
Read more: 
https://nextjs.org/docs/app/api-reference/functions/generate-viewport
  Generating static pages using 3 workers (51/103) 
ΓÜá Unsupported metadata viewport is configured in metadata export in 
/features. Please move it to viewport export instead.
Read more: 
https://nextjs.org/docs/app/api-reference/functions/generate-viewport
ΓÜá Unsupported metadata viewport is configured in metadata export in 
/garage/settings/inventory. Please move it to viewport export instead.
Read more: 
https://nextjs.org/docs/app/api-reference/functions/generate-viewport
ΓÜá Unsupported metadata viewport is configured in metadata export in 
/garage-software/manchester. Please move it to viewport export instead.
Read more: 
https://nextjs.org/docs/app/api-reference/functions/generate-viewport
ΓÜá Unsupported metadata viewport is configured in metadata export in 
/garage/settings/notifications. Please move it to viewport export instead.
Read more: 
https://nextjs.org/docs/app/api-reference/functions/generate-viewport
ΓÜá Unsupported metadata viewport is configured in metadata export in 
/garage/bookings. Please move it to viewport export instead.
Read more: 
https://nextjs.org/docs/app/api-reference/functions/generate-viewport
ΓÜá Unsupported metadata viewport is configured in metadata export in 
/garage/calendar. Please move it to viewport export instead.
Read more: 
https://nextjs.org/docs/app/api-reference/functions/generate-viewport
ΓÜá Unsupported metadata viewport is configured in metadata export in 
/garage/crm. Please move it to viewport export instead.
Read more: 
https://nextjs.org/docs/app/api-reference/functions/generate-viewport
ΓÜá Unsupported metadata viewport is configured in metadata export in 
/garage/customers. Please move it to viewport export instead.
Read more: 
https://nextjs.org/docs/app/api-reference/functions/generate-viewport
ΓÜá Unsupported metadata viewport is configured in metadata export in 
/garage/settings. Please move it to viewport export instead.
Read more: 
https://nextjs.org/docs/app/api-reference/functions/generate-viewport
ΓÜá Unsupported metadata viewport is configured in metadata export in 
/garage/settings/plan. Please move it to viewport export instead.
Read more: 
https://nextjs.org/docs/app/api-reference/functions/generate-viewport
  Generating static pages using 3 workers (77/103) 
ΓÜá Unsupported metadata viewport is configured in metadata export in 
/garage/settings/profile. Please move it to viewport export instead.
Read more: 
https://nextjs.org/docs/app/api-reference/functions/generate-viewport
ΓÜá Unsupported metadata viewport is configured in metadata export in 
/garage/settings/reviews. Please move it to viewport export instead.
Read more: 
https://nextjs.org/docs/app/api-reference/functions/generate-viewport
ΓÜá Unsupported metadata viewport is configured in metadata export in 
/garage/dashboard. Please move it to viewport export instead.
Read more: 
https://nextjs.org/docs/app/api-reference/functions/generate-viewport
ΓÜá Unsupported metadata viewport is configured in metadata export in 
/garage/expenses. Please move it to viewport export instead.
Read more: 
https://nextjs.org/docs/app/api-reference/functions/generate-viewport
ΓÜá Unsupported metadata viewport is configured in metadata export in 
/garage/settings/services. Please move it to viewport export instead.
Read more: 
https://nextjs.org/docs/app/api-reference/functions/generate-viewport
ΓÜá Unsupported metadata viewport is configured in metadata export in 
/garage/settings/staff. Please move it to viewport export instead.
Read more: 
https://nextjs.org/docs/app/api-reference/functions/generate-viewport
ΓÜá Unsupported metadata viewport is configured in metadata export in 
/garage/inventory. Please move it to viewport export instead.
Read more: 
https://nextjs.org/docs/app/api-reference/functions/generate-viewport
ΓÜá Unsupported metadata viewport is configured in metadata export in 
/garage/staff. Please move it to viewport export instead.
Read more: 
https://nextjs.org/docs/app/api-reference/functions/generate-viewport
ΓÜá Unsupported metadata viewport is configured in metadata export in 
/garages. Please move it to viewport export instead.
Read more: 
https://nextjs.org/docs/app/api-reference/functions/generate-viewport
ΓÜá Unsupported metadata viewport is configured in metadata export in /. 
Please move it to viewport export instead.
Read more: 
https://nextjs.org/docs/app/api-reference/functions/generate-viewport
ΓÜá Unsupported metadata viewport is configured in metadata export in /login. 
Please move it to viewport export instead.
Read more: 
https://nextjs.org/docs/app/api-reference/functions/generate-viewport
ΓÜá Unsupported metadata viewport is configured in metadata export in 
/pricing. Please move it to viewport export instead.
Read more: 
https://nextjs.org/docs/app/api-reference/functions/generate-viewport
ΓÜá Unsupported metadata viewport is configured in metadata export in 
/signup/choose-plan. Please move it to viewport export instead.
Read more: 
https://nextjs.org/docs/app/api-reference/functions/generate-viewport
ΓÜá Unsupported metadata viewport is configured in metadata export in 
/privacy. Please move it to viewport export instead.
Read more: 
https://nextjs.org/docs/app/api-reference/functions/generate-viewport
ΓÜá Unsupported metadata viewport is configured in metadata export in /signup. 
Please move it to viewport export instead.
Read more: 
https://nextjs.org/docs/app/api-reference/functions/generate-viewport
ΓÜá Unsupported metadata viewport is configured in metadata export in /terms. 
Please move it to viewport export instead.
Read more: 
https://nextjs.org/docs/app/api-reference/functions/generate-viewport
Γ£ô Generating static pages using 3 workers (103/103) in 3.5s
  Finalizing page optimization ...

Route (app)
Γöî Γùï /
Γö£ Γùï /_not-found
Γö£ Γùï /about
Γö£ Γùï /admin
Γö£ Γùï /admin/analytics
Γö£ Γùï /admin/customers
Γö£ Γùï /admin/garages
Γö£ ╞Æ /admin/garages/[id]
Γö£ Γùï /admin/messages
Γö£ Γùï /admin/payments
Γö£ Γùï /admin/settings
Γö£ ╞Æ /api/admin/config
Γö£ ╞Æ /api/admin/messages/stats
Γö£ ╞Æ /api/admin/payments
Γö£ ╞Æ /api/analytics
Γö£ ╞Æ /api/auth/admin-create
Γö£ ╞Æ /api/auth/login
Γö£ ╞Æ /api/auth/logout
Γö£ ╞Æ /api/auth/signup
Γö£ ╞Æ /api/availability/calendar
Γö£ ╞Æ /api/availability/slots
Γö£ ╞Æ /api/bookings
Γö£ ╞Æ /api/bookings/[id]
Γö£ ╞Æ /api/bookings/[id]/convert-to-job
Γö£ ╞Æ /api/contact
Γö£ ╞Æ /api/email-queue-status
Γö£ ╞Æ /api/email-queue/process
Γö£ ╞Æ /api/garage-signups/[id]
Γö£ ╞Æ /api/garage-signups/[id]/upload
Γö£ ╞Æ /api/garage-signups/start
Γö£ ╞Æ /api/garage-signups/verify-email
Γö£ ╞Æ /api/garage-signups/verify-phone
Γö£ ╞Æ /api/garages
Γö£ ╞Æ /api/garages/[id]
Γö£ ╞Æ /api/garages/[id]/bookings
Γö£ ╞Æ /api/garages/[id]/bookings/[bookingId]/convert-to-job
Γö£ ╞Æ /api/garages/[id]/calendar
Γö£ ╞Æ /api/garages/[id]/cleanup
Γö£ ╞Æ /api/garages/[id]/customers
Γö£ ╞Æ /api/garages/[id]/customers/[customerId]
Γö£ ╞Æ /api/garages/[id]/customers/[customerId]/timeline
Γö£ ╞Æ /api/garages/[id]/expenses
Γö£ ╞Æ /api/garages/[id]/expenses/[expenseId]
Γö£ ╞Æ /api/garages/[id]/images
Γö£ ╞Æ /api/garages/[id]/inventory
Γö£ ╞Æ /api/garages/[id]/inventory/[itemId]
Γö£ ╞Æ /api/garages/[id]/inventory/[itemId]/transactions
Γö£ ╞Æ /api/garages/[id]/jobs/[jobId]/status
Γö£ ╞Æ /api/garages/[id]/reviews
Γö£ ╞Æ /api/garages/[id]/reviews/[reviewId]
Γö£ ╞Æ /api/garages/[id]/services
Γö£ ╞Æ /api/garages/[id]/services/[serviceId]
Γö£ ╞Æ /api/garages/[id]/staff
Γö£ ╞Æ /api/garages/[id]/staff/[staffId]
Γö£ ╞Æ /api/garages/featured
Γö£ ╞Æ /api/garages/me
Γö£ ╞Æ /api/garages/public/[slug]
Γö£ ╞Æ /api/garages/public/[slug]/contact
Γö£ ╞Æ /api/garages/public/[slug]/reviews
Γö£ ╞Æ /api/garages/public/[slug]/services
Γö£ ╞Æ /api/health
Γö£ ╞Æ /api/health-checks
Γö£ ╞Æ /api/health-checks/[id]/pdf
Γö£ ╞Æ /api/invoices
Γö£ ╞Æ /api/invoices/[id]
Γö£ ╞Æ /api/invoices/[id]/email
Γö£ ╞Æ /api/jobs
Γö£ ╞Æ /api/jobs/[id]
Γö£ ╞Æ /api/jobs/[id]/items
Γö£ ╞Æ /api/lookup
Γö£ ╞Æ /api/push-subscriptions
Γö£ ╞Æ /api/quotes
Γö£ ╞Æ /api/quotes/[id]
Γö£ ╞Æ /api/quotes/[id]/email
Γö£ ╞Æ /api/quotes/[id]/pdf
Γö£ ╞Æ /api/recalls
Γö£ ╞Æ /api/reminder-config
Γö£ ╞Æ /api/reminders
Γö£ ╞Æ /api/reminders/auto/process
Γö£ ╞Æ /api/reminders/tax
Γö£ ╞Æ /api/seed
Γö£ ╞Æ /api/send-message
Γö£ ╞Æ /api/stripe/billing
Γö£ ╞Æ /api/stripe/checkout
Γö£ ╞Æ /api/stripe/portal
Γö£ ╞Æ /api/stripe/session
Γö£ ╞Æ /api/stripe/webhook
Γö£ ╞Æ /api/test/expire-trial
Γö£ ╞Æ /api/vehicles
Γö£ ╞Æ /api/vehicles/[id]
Γö£ ╞Æ /api/vehicles/delete
Γö£ Γùï /blog
Γö£ ΓùÅ /blog/[slug]
Γöé Γö£ /blog/increase-garage-revenue-40-percent
Γöé Γö£ /blog/mot-reminders-that-boost-revenue
Γöé Γö£ /blog/convert-advisories-into-jobs
Γöé Γöö [+3 more paths]
Γö£ Γùï /contact
Γö£ Γùï /faq
Γö£ Γùï /features
Γö£ Γùï /garage
Γö£ Γùï /garage-software/london
Γö£ Γùï /garage-software/manchester
Γö£ Γùï /garage/bookings
Γö£ Γùï /garage/calendar
Γö£ Γùï /garage/crm
Γö£ Γùï /garage/customers
Γö£ Γùï /garage/dashboard
Γö£ Γùï /garage/expenses
Γö£ Γùï /garage/inventory
Γö£ ╞Æ /garage/invoices/[id]
Γö£ Γùï /garage/jobs
Γö£ ╞Æ /garage/jobs/[id]
Γö£ Γùï /garage/jobs/new
Γö£ Γùï /garage/lookup
Γö£ Γùï /garage/messages
Γö£ Γùï /garage/reminders
Γö£ Γùï /garage/reviews
Γö£ Γùï /garage/services
Γö£ Γùï /garage/settings
Γö£ Γùï /garage/settings/advanced
Γö£ Γùï /garage/settings/billing
Γö£ Γùï /garage/settings/expenses
Γö£ Γùï /garage/settings/gallery
Γö£ Γùï /garage/settings/general
Γö£ Γùï /garage/settings/hours
Γö£ Γùï /garage/settings/inventory
Γö£ Γùï /garage/settings/notifications
Γö£ Γùï /garage/settings/plan
Γö£ Γùï /garage/settings/profile
Γö£ Γùï /garage/settings/reviews
Γö£ Γùï /garage/settings/services
Γö£ Γùï /garage/settings/staff
Γö£ Γùï /garage/staff
Γö£ Γùï /garages
Γö£ ╞Æ /garages/[slug]
Γö£ Γùï /login
Γö£ Γùï /pricing
Γö£ Γùï /privacy
Γö£ Γùï /robots.txt
Γö£ Γùï /signup
Γö£ Γùï /signup/choose-plan
Γö£ Γùï /sitemap.xml
Γöö Γùï /terms


╞Æ Proxy (Middleware)

Γùï  (Static)   prerendered as static content
ΓùÅ  (SSG)      prerendered as static HTML (uses generateStaticParams)
╞Æ  (Dynamic)  server-rendered on demand

